// Jest Snapshot v1, https://goo.gl/fbAQLP

exports[`should take a snapshot 1`] = `
<DocumentFragment>
  <div
    class="css-7xkx6x"
  >
    <div
      class="css-1x2vcf4"
    >
      <div
        class="img"
        data-testid="logo"
      >
        <img
          alt=""
          src="https://tsungtingdu.github.io/hotel-page/assets/hotel.png"
        />
      </div>
      <div
        data-testid="title"
      >
        Your Hotel.com
      </div>
    </div>
    <div
      class="css-1rm0f4a"
    >
      <p>
        Currency
      </p>
      <select
        data-testid="currency"
        form="currencyForm"
        id="currency"
        name="currency"
      >
        <option
          data-testid="usd"
          value="USD"
        >
          USD
        </option>
        <option
          data-testid="sgd"
          value="SGD"
        >
          SGD
        </option>
        <option
          data-testid="cny"
          value="CNY"
        >
          CNY
        </option>
        <option
          data-testid="krw"
          value="KRW"
        >
          KRW
        </option>
      </select>
    </div>
  </div>
  <div
    class="css-t9jjiw"
  />
</DocumentFragment>
`;
