// Jest Snapshot v1, https://goo.gl/fbAQLP

exports[`should take a snapshot 1`] = `
<React.Fragment>
  <Navbar
    currency="USD"
    handleCurrencyChange={[Function]}
  />
  <Card
    hoteldata={
      Object {
        "currency": "USD",
        "data": Array [],
        "isLoading": true,
      }
    }
  />
</React.Fragment>
`;
